******************************************************************************
                  MSP430 Linker PC v4.2.1                      
******************************************************************************
>> Linked Sun Nov 09 15:33:21 2014

OUTPUT FILE NAME:   <refactoring.out>
ENTRY POINT SYMBOL: "_c_int00"  address: 0000c9c4


MEMORY CONFIGURATION

         name            origin    length      used     unused   attr    fill
----------------------  --------  ---------  --------  --------  ----  --------
  SFR                   00000000   00000010  00000000  00000010  RWIX
  PERIPHERALS_8BIT      00000010   000000f0  00000000  000000f0  RWIX
  PERIPHERALS_16BIT     00000100   00000100  00000000  00000100  RWIX
  RAM                   00000200   00000200  000000ef  00000111  RWIX
  INFOD                 00001000   00000040  00000000  00000040  RWIX
  INFOC                 00001040   00000040  00000000  00000040  RWIX
  INFOB                 00001080   00000040  00000000  00000040  RWIX
  INFOA                 000010c0   00000040  00000000  00000040  RWIX
  FLASH                 0000c000   00003fe0  00000bd4  0000340c  RWIX
  INT00                 0000ffe0   00000002  00000000  00000002  RWIX
  INT01                 0000ffe2   00000002  00000000  00000002  RWIX
  INT02                 0000ffe4   00000002  00000002  00000000  RWIX
  INT03                 0000ffe6   00000002  00000002  00000000  RWIX
  INT04                 0000ffe8   00000002  00000000  00000002  RWIX
  INT05                 0000ffea   00000002  00000002  00000000  RWIX
  INT06                 0000ffec   00000002  00000002  00000000  RWIX
  INT07                 0000ffee   00000002  00000002  00000000  RWIX
  INT08                 0000fff0   00000002  00000002  00000000  RWIX
  INT09                 0000fff2   00000002  00000002  00000000  RWIX
  INT10                 0000fff4   00000002  00000002  00000000  RWIX
  INT11                 0000fff6   00000002  00000002  00000000  RWIX
  INT12                 0000fff8   00000002  00000002  00000000  RWIX
  INT13                 0000fffa   00000002  00000002  00000000  RWIX
  INT14                 0000fffc   00000002  00000002  00000000  RWIX
  RESET                 0000fffe   00000002  00000002  00000000  RWIX


SECTION ALLOCATION MAP

 output                                  attributes/
section   page    origin      length       input sections
--------  ----  ----------  ----------   ----------------
.init_array 
*          0    0000c000    00000000     UNINITIALIZED

.bss       0    00000200    00000078     UNINITIALIZED
                  00000200    0000006f     (.common:COG_Line)
                  0000026f    00000001     (.common:temp_byte$1)
                  00000270    00000002     (.common:EPD_Counter)
                  00000272    00000002     (.common:data_line_even)
                  00000274    00000002     (.common:data_line_odd)
                  00000276    00000002     (.common:data_line_scan)

.TI.noinit 
*          0    00000200    00000000     UNINITIALIZED

.data      0    00000278    00000027     UNINITIALIZED
                  00000278    00000022     main.obj (.data:test1)
                  0000029a    00000004     main.obj (.data)
                  0000029e    00000001     EPD_hardware_driver.obj (.data)

.TI.persistent 
*          0    00000278    00000000     UNINITIALIZED

.stack     0    000003b0    00000050     UNINITIALIZED
                  000003b0    00000002     rts430_eabi.lib : boot.obj (.stack)
                  000003b2    0000004e     --HOLE--

.text      0    0000c000    00000b74     
                  0000c000    000002a0     EPD_COG_process_V110_G1.obj (.text:stage_handle_array)
                  0000c2a0    000001e4     EPD_COG_process_V110_G1.obj (.text:EPD_power_off)
                  0000c484    00000104     EPD_COG_process_V110_G1.obj (.text:EPD_initialize_driver)
                  0000c588    0000005e     rts430_eabi.lib : copy_decompress_rle.obj (.text:__TI_decompress_rle_core)
                  0000c5e6    0000005e                     : autoinit.obj (.text:_auto_init)
                  0000c644    00000058     main.obj (.text:init)
                  0000c69c    00000056     EPD_COG_process_V110_G1.obj (.text:EPD_power_on)
                  0000c6f2    00000050     EPD_hardware_gpio.obj (.text:EPD_initialize_gpio)
                  0000c742    0000004c     rts430_eabi.lib : lsr16.obj (.text)
                  0000c78e    0000004a     EPD_COG_process_V110_G1.obj (.text:COG_driver_EPDtype_select)
                  0000c7d8    00000048     EPD_hardware_driver.obj (.text:epd_spi_init)
                  0000c820    00000048     EPD_hardware_driver.obj (.text:epd_spi_send)
                  0000c868    00000040     EPD_hardware_driver.obj (.text:PWM_run)
                  0000c8a8    0000003e     main.obj (.text:USCI0RX_ISR)
                  0000c8e6    0000003c     EPD_hardware_driver.obj (.text:epd_spi_send_byte)
                  0000c922    00000028     EPD_controller.obj (.text:EPD_display_from_pointer)
                  0000c94a    00000022     EPD_hardware_driver.obj (.text:EPD_display_hardware_init)
                  0000c96c    00000020     EPD_hardware_driver.obj (.text:start_EPD_timer)
                  0000c98c    0000001e     EPD_hardware_driver.obj (.text:epd_spi_detach)
                  0000c9aa    0000001a     EPD_COG_process_V110_G1.obj (.text:EPD_init)
                  0000c9c4    0000001a     rts430_eabi.lib : boot.obj (.text:_c_int00_noexit)
                  0000c9de    0000001a     main.obj (.text:main)
                  0000c9f8    00000018     EPD_hardware_driver.obj (.text:initialize_EPD_timer)
                  0000ca10    00000016     EPD_hardware_driver.obj (.text:delay_ms)
                  0000ca26    00000014     rts430_eabi.lib : copy_zero_init.obj (.text:decompress:ZI:__TI_zero_init)
                  0000ca3a    00000014                     : mult16.obj (.text)
                  0000ca4e    00000012     EPD_hardware_driver.obj (.text:Timer_A0)
                  0000ca60    00000012     rts430_eabi.lib : copy_decompress_none.obj (.text:decompress:none:__TI_decompress_none)
                  0000ca72    00000012                     : memcpy.obj (.text:memcpy)
                  0000ca84    00000010                     : epilog.obj (.text)
                  0000ca94    0000000e     EPD_hardware_gpio.obj (.text:SPIMISO_low)
                  0000caa2    0000000e     EPD_hardware_driver.obj (.text:Wait_10us)
                  0000cab0    0000000e     EPD_hardware_driver.obj (.text:epd_spi_attach)
                  0000cabe    0000000e     EPD_hardware_driver.obj (.text:stop_EPD_timer)
                  0000cacc    0000000c     EPD_hardware_gpio.obj (.text:EPD_pwm_low)
                  0000cad8    0000000c     EPD_hardware_driver.obj (.text:epd_spi_write)
                  0000cae4    00000008     EPD_hardware_gpio.obj (.text:EPD_IsBusy)
                  0000caec    00000008     EPD_hardware_gpio.obj (.text:EPD_border_high)
                  0000caf4    00000008     EPD_hardware_gpio.obj (.text:EPD_border_low)
                  0000cafc    00000008     EPD_hardware_gpio.obj (.text:EPD_cs_high)
                  0000cb04    00000008     EPD_hardware_gpio.obj (.text:EPD_cs_low)
                  0000cb0c    00000008     EPD_hardware_gpio.obj (.text:EPD_discharge_high)
                  0000cb14    00000008     EPD_hardware_gpio.obj (.text:EPD_discharge_low)
                  0000cb1c    00000008     EPD_hardware_gpio.obj (.text:EPD_flash_cs_high)
                  0000cb24    00000008     EPD_hardware_gpio.obj (.text:SPICLK_low)
                  0000cb2c    00000008     EPD_hardware_gpio.obj (.text:SPIMOSI_low)
                  0000cb34    00000008     EPD_hardware_driver.obj (.text:get_current_time_tick)
                  0000cb3c    00000006     EPD_hardware_gpio.obj (.text:EPD_Vcc_turn_off)
                  0000cb42    00000006     EPD_hardware_gpio.obj (.text:EPD_Vcc_turn_on)
                  0000cb48    00000006     EPD_COG_process_V110_G1.obj (.text:EPD_display_from_array_prt)
                  0000cb4e    00000006     EPD_hardware_gpio.obj (.text:EPD_pwm_high)
                  0000cb54    00000006     EPD_hardware_gpio.obj (.text:EPD_rst_high)
                  0000cb5a    00000006     EPD_hardware_gpio.obj (.text:EPD_rst_low)
                  0000cb60    00000006     rts430_eabi.lib : isr_trap.obj (.text:__TI_ISR_TRAP)
                  0000cb66    00000006                     : copy_decompress_rle.obj (.text:decompress:rle24:__TI_decompress_rle24)
                  0000cb6c    00000004                     : pre_init.obj (.text:_system_pre_init)
                  0000cb70    00000004                     : exit.obj (.text:abort)

.const     0    0000cb74    00000040     
                  0000cb74    0000003c     EPD_COG_process_V110_G1.obj (.const:COG_parameters)
                  0000cbb0    00000004     EPD_COG_process_V110_G1.obj (.const:.string:SCAN_TABLE)

.cinit     0    0000cbb4    00000020     
                  0000cbb4    0000000e     (.cinit..data.load) [load image, compression = rle]
                  0000cbc2    00000006     (__TI_handler_table)
                  0000cbc8    00000004     (.cinit..bss.load) [load image, compression = zero_init]
                  0000cbcc    00000008     (__TI_cinit_table)

PORT1      0    0000ffe4    00000002     
                  0000ffe4    00000002     rts430_eabi.lib : int02.obj (.int02)

PORT2      0    0000ffe6    00000002     
                  0000ffe6    00000002     rts430_eabi.lib : int03.obj (.int03)

ADC10      0    0000ffea    00000002     
                  0000ffea    00000002     rts430_eabi.lib : int05.obj (.int05)

USCIAB0TX 
*          0    0000ffec    00000002     
                  0000ffec    00000002     rts430_eabi.lib : int06.obj (.int06)

USCIAB0RX 
*          0    0000ffee    00000002     
                  0000ffee    00000002     main.obj (.int07)

TIMER0_A1 
*          0    0000fff0    00000002     
                  0000fff0    00000002     EPD_hardware_driver.obj (.int08)

TIMER0_A0 
*          0    0000fff2    00000002     
                  0000fff2    00000002     rts430_eabi.lib : int09.obj (.int09)

WDT        0    0000fff4    00000002     
                  0000fff4    00000002     rts430_eabi.lib : int10.obj (.int10)

COMPARATORA 
*          0    0000fff6    00000002     
                  0000fff6    00000002     rts430_eabi.lib : int11.obj (.int11)

TIMER1_A1 
*          0    0000fff8    00000002     
                  0000fff8    00000002     rts430_eabi.lib : int12.obj (.int12)

TIMER1_A0 
*          0    0000fffa    00000002     
                  0000fffa    00000002     rts430_eabi.lib : int13.obj (.int13)

NMI        0    0000fffc    00000002     
                  0000fffc    00000002     rts430_eabi.lib : int14.obj (.int14)

.reset     0    0000fffe    00000002     
                  0000fffe    00000002     rts430_eabi.lib : boot.obj (.reset)


LINKER GENERATED COPY TABLES

__TI_cinit_table @ 0000cbcc records: 2, size/record: 4, table size: 8
	.data: load addr=0000cbb4, load size=0000000e bytes, run addr=00000278, run size=00000027 bytes, compression=rle
	.bss: load addr=0000cbc8, load size=00000004 bytes, run addr=00000200, run size=00000078 bytes, compression=zero_init


LINKER GENERATED HANDLER TABLE

__TI_handler_table @ 0000cbc2 records: 3, size/record: 2, table size: 6
	index: 0, handler: __TI_zero_init
	index: 1, handler: __TI_decompress_rle24
	index: 2, handler: __TI_decompress_none


GLOBAL SYMBOLS: SORTED ALPHABETICALLY BY Name 

address    name
--------   ----
0000004a   ADC10AE0
000001b0   ADC10CTL0
000001b2   ADC10CTL1
00000048   ADC10DTC0
00000049   ADC10DTC1
000001b4   ADC10MEM
000001bc   ADC10SA
00000057   BCSCTL1
00000058   BCSCTL2
00000053   BCSCTL3
0000cb70   C$$EXIT
00000059   CACTL1
0000005a   CACTL2
000010fb   CALBC1_12MHZ
000010f9   CALBC1_16MHZ
000010ff   CALBC1_1MHZ
000010fd   CALBC1_8MHZ
000010fa   CALDCO_12MHZ
000010f8   CALDCO_16MHZ
000010fe   CALDCO_1MHZ
000010fc   CALDCO_8MHZ
0000005b   CAPD
0000c78e   COG_driver_EPDtype_select
0000cb74   COG_parameters
00000056   DCOCTL
0000cae4   EPD_IsBusy
0000cb3c   EPD_Vcc_turn_off
0000cb42   EPD_Vcc_turn_on
0000caec   EPD_border_high
0000caf4   EPD_border_low
0000cafc   EPD_cs_high
0000cb04   EPD_cs_low
0000cb0c   EPD_discharge_high
0000cb14   EPD_discharge_low
0000cb48   EPD_display_from_array_prt
0000c922   EPD_display_from_pointer
0000c94a   EPD_display_hardware_init
0000c9aa   EPD_display_init
0000cb1c   EPD_flash_cs_high
0000c9aa   EPD_init
0000c484   EPD_initialize_driver
0000c6f2   EPD_initialize_gpio
0000c2a0   EPD_power_off
0000c69c   EPD_power_on
0000cb4e   EPD_pwm_high
0000cacc   EPD_pwm_low
0000cb54   EPD_rst_high
0000cb5a   EPD_rst_low
00000128   FCTL1
0000012a   FCTL2
0000012c   FCTL3
00000000   IE1
00000001   IE2
00000002   IFG1
00000003   IFG2
00000022   P1DIR
00000025   P1IE
00000024   P1IES
00000023   P1IFG
00000020   P1IN
00000021   P1OUT
00000027   P1REN
00000026   P1SEL
00000041   P1SEL2
0000002a   P2DIR
0000002d   P2IE
0000002c   P2IES
0000002b   P2IFG
00000028   P2IN
00000029   P2OUT
0000002f   P2REN
0000002e   P2SEL
00000042   P2SEL2
0000001a   P3DIR
00000018   P3IN
00000019   P3OUT
00000010   P3REN
0000001b   P3SEL
00000043   P3SEL2
0000c868   PWM_run
0000cbb0   SCAN_TABLE
0000cb24   SPICLK_low
0000ca94   SPIMISO_low
0000cb2c   SPIMOSI_low
00000172   TA0CCR0
00000174   TA0CCR1
00000176   TA0CCR2
00000162   TA0CCTL0
00000164   TA0CCTL1
00000166   TA0CCTL2
00000160   TA0CTL
0000012e   TA0IV
00000170   TA0R
00000192   TA1CCR0
00000194   TA1CCR1
00000196   TA1CCR2
00000182   TA1CCTL0
00000184   TA1CCTL1
00000186   TA1CCTL2
00000180   TA1CTL
0000011e   TA1IV
00000190   TA1R
0000ca4e   Timer_A0
0000005d   UCA0ABCTL
00000062   UCA0BR0
00000063   UCA0BR1
00000060   UCA0CTL0
00000061   UCA0CTL1
0000005f   UCA0IRRCTL
0000005e   UCA0IRTCTL
00000064   UCA0MCTL
00000066   UCA0RXBUF
00000065   UCA0STAT
00000067   UCA0TXBUF
0000006a   UCB0BR0
0000006b   UCB0BR1
00000068   UCB0CTL0
00000069   UCB0CTL1
0000006c   UCB0I2CIE
00000118   UCB0I2COA
0000011a   UCB0I2CSA
0000006e   UCB0RXBUF
0000006d   UCB0STAT
0000006f   UCB0TXBUF
0000c8a8   USCI0RX_ISR
00000120   WDTCTL
00000400   __STACK_END
00000050   __STACK_SIZE
0000cbcc   __TI_CINIT_Base
0000cbd4   __TI_CINIT_Limit
0000cbc2   __TI_Handler_Table_Base
0000cbc8   __TI_Handler_Table_Limit
UNDEFED    __TI_INITARRAY_Base
UNDEFED    __TI_INITARRAY_Limit
0000cb60   __TI_ISR_TRAP
00000001   __TI_args_main
0000ca60   __TI_decompress_none
0000cb66   __TI_decompress_rle24
00000001   __TI_exit
0000ffe4   __TI_int02
0000ffe6   __TI_int03
0000ffea   __TI_int05
0000ffec   __TI_int06
0000ffee   __TI_int07
0000fff0   __TI_int08
0000fff2   __TI_int09
0000fff4   __TI_int10
0000fff6   __TI_int11
0000fff8   __TI_int12
0000fffa   __TI_int13
0000fffc   __TI_int14
0000ca26   __TI_zero_init
ffffffff   __binit__
ffffffff   __c_args__
0000ca90   __mspabi_func_epilog_1
0000ca8e   __mspabi_func_epilog_2
0000ca8c   __mspabi_func_epilog_3
0000ca8a   __mspabi_func_epilog_4
0000ca88   __mspabi_func_epilog_5
0000ca86   __mspabi_func_epilog_6
0000ca84   __mspabi_func_epilog_7
0000ca3a   __mspabi_mpyi
0000c742   __mspabi_srli
0000c788   __mspabi_srli_1
0000c764   __mspabi_srli_10
0000c760   __mspabi_srli_11
0000c75c   __mspabi_srli_12
0000c758   __mspabi_srli_13
0000c754   __mspabi_srli_14
0000c750   __mspabi_srli_15
0000c784   __mspabi_srli_2
0000c780   __mspabi_srli_3
0000c77c   __mspabi_srli_4
0000c778   __mspabi_srli_5
0000c774   __mspabi_srli_6
0000c770   __mspabi_srli_7
0000c76c   __mspabi_srli_8
0000c768   __mspabi_srli_9
0000c5e6   _auto_init
0000c9c4   _c_int00
0000c9c4   _c_int00_noexit
0000fffe   _reset_vector
000003b0   _stack
0000cb6c   _system_pre_init
0000cb70   abort
ffffffff   binit
0000ca10   delay_ms
0000cab0   epd_spi_attach
0000c98c   epd_spi_detach
0000c7d8   epd_spi_init
0000c820   epd_spi_send
0000c8e6   epd_spi_send_byte
0000cad8   epd_spi_write
0000cb34   get_current_time_tick
0000029c   i
0000c644   init
0000c9de   main
0000ca72   memcpy
0000029a   ready
0000c96c   start_EPD_timer
0000cabe   stop_EPD_timer
0000ca10   sys_delay_ms
00000278   test1


GLOBAL SYMBOLS: SORTED BY Symbol Address 

address    name
--------   ----
00000000   IE1
00000001   IE2
00000001   __TI_args_main
00000001   __TI_exit
00000002   IFG1
00000003   IFG2
00000010   P3REN
00000018   P3IN
00000019   P3OUT
0000001a   P3DIR
0000001b   P3SEL
00000020   P1IN
00000021   P1OUT
00000022   P1DIR
00000023   P1IFG
00000024   P1IES
00000025   P1IE
00000026   P1SEL
00000027   P1REN
00000028   P2IN
00000029   P2OUT
0000002a   P2DIR
0000002b   P2IFG
0000002c   P2IES
0000002d   P2IE
0000002e   P2SEL
0000002f   P2REN
00000041   P1SEL2
00000042   P2SEL2
00000043   P3SEL2
00000048   ADC10DTC0
00000049   ADC10DTC1
0000004a   ADC10AE0
00000050   __STACK_SIZE
00000053   BCSCTL3
00000056   DCOCTL
00000057   BCSCTL1
00000058   BCSCTL2
00000059   CACTL1
0000005a   CACTL2
0000005b   CAPD
0000005d   UCA0ABCTL
0000005e   UCA0IRTCTL
0000005f   UCA0IRRCTL
00000060   UCA0CTL0
00000061   UCA0CTL1
00000062   UCA0BR0
00000063   UCA0BR1
00000064   UCA0MCTL
00000065   UCA0STAT
00000066   UCA0RXBUF
00000067   UCA0TXBUF
00000068   UCB0CTL0
00000069   UCB0CTL1
0000006a   UCB0BR0
0000006b   UCB0BR1
0000006c   UCB0I2CIE
0000006d   UCB0STAT
0000006e   UCB0RXBUF
0000006f   UCB0TXBUF
00000118   UCB0I2COA
0000011a   UCB0I2CSA
0000011e   TA1IV
00000120   WDTCTL
00000128   FCTL1
0000012a   FCTL2
0000012c   FCTL3
0000012e   TA0IV
00000160   TA0CTL
00000162   TA0CCTL0
00000164   TA0CCTL1
00000166   TA0CCTL2
00000170   TA0R
00000172   TA0CCR0
00000174   TA0CCR1
00000176   TA0CCR2
00000180   TA1CTL
00000182   TA1CCTL0
00000184   TA1CCTL1
00000186   TA1CCTL2
00000190   TA1R
00000192   TA1CCR0
00000194   TA1CCR1
00000196   TA1CCR2
000001b0   ADC10CTL0
000001b2   ADC10CTL1
000001b4   ADC10MEM
000001bc   ADC10SA
00000278   test1
0000029a   ready
0000029c   i
000003b0   _stack
00000400   __STACK_END
000010f8   CALDCO_16MHZ
000010f9   CALBC1_16MHZ
000010fa   CALDCO_12MHZ
000010fb   CALBC1_12MHZ
000010fc   CALDCO_8MHZ
000010fd   CALBC1_8MHZ
000010fe   CALDCO_1MHZ
000010ff   CALBC1_1MHZ
0000c2a0   EPD_power_off
0000c484   EPD_initialize_driver
0000c5e6   _auto_init
0000c644   init
0000c69c   EPD_power_on
0000c6f2   EPD_initialize_gpio
0000c742   __mspabi_srli
0000c750   __mspabi_srli_15
0000c754   __mspabi_srli_14
0000c758   __mspabi_srli_13
0000c75c   __mspabi_srli_12
0000c760   __mspabi_srli_11
0000c764   __mspabi_srli_10
0000c768   __mspabi_srli_9
0000c76c   __mspabi_srli_8
0000c770   __mspabi_srli_7
0000c774   __mspabi_srli_6
0000c778   __mspabi_srli_5
0000c77c   __mspabi_srli_4
0000c780   __mspabi_srli_3
0000c784   __mspabi_srli_2
0000c788   __mspabi_srli_1
0000c78e   COG_driver_EPDtype_select
0000c7d8   epd_spi_init
0000c820   epd_spi_send
0000c868   PWM_run
0000c8a8   USCI0RX_ISR
0000c8e6   epd_spi_send_byte
0000c922   EPD_display_from_pointer
0000c94a   EPD_display_hardware_init
0000c96c   start_EPD_timer
0000c98c   epd_spi_detach
0000c9aa   EPD_display_init
0000c9aa   EPD_init
0000c9c4   _c_int00
0000c9c4   _c_int00_noexit
0000c9de   main
0000ca10   delay_ms
0000ca10   sys_delay_ms
0000ca26   __TI_zero_init
0000ca3a   __mspabi_mpyi
0000ca4e   Timer_A0
0000ca60   __TI_decompress_none
0000ca72   memcpy
0000ca84   __mspabi_func_epilog_7
0000ca86   __mspabi_func_epilog_6
0000ca88   __mspabi_func_epilog_5
0000ca8a   __mspabi_func_epilog_4
0000ca8c   __mspabi_func_epilog_3
0000ca8e   __mspabi_func_epilog_2
0000ca90   __mspabi_func_epilog_1
0000ca94   SPIMISO_low
0000cab0   epd_spi_attach
0000cabe   stop_EPD_timer
0000cacc   EPD_pwm_low
0000cad8   epd_spi_write
0000cae4   EPD_IsBusy
0000caec   EPD_border_high
0000caf4   EPD_border_low
0000cafc   EPD_cs_high
0000cb04   EPD_cs_low
0000cb0c   EPD_discharge_high
0000cb14   EPD_discharge_low
0000cb1c   EPD_flash_cs_high
0000cb24   SPICLK_low
0000cb2c   SPIMOSI_low
0000cb34   get_current_time_tick
0000cb3c   EPD_Vcc_turn_off
0000cb42   EPD_Vcc_turn_on
0000cb48   EPD_display_from_array_prt
0000cb4e   EPD_pwm_high
0000cb54   EPD_rst_high
0000cb5a   EPD_rst_low
0000cb60   __TI_ISR_TRAP
0000cb66   __TI_decompress_rle24
0000cb6c   _system_pre_init
0000cb70   C$$EXIT
0000cb70   abort
0000cb74   COG_parameters
0000cbb0   SCAN_TABLE
0000cbc2   __TI_Handler_Table_Base
0000cbc8   __TI_Handler_Table_Limit
0000cbcc   __TI_CINIT_Base
0000cbd4   __TI_CINIT_Limit
0000ffe4   __TI_int02
0000ffe6   __TI_int03
0000ffea   __TI_int05
0000ffec   __TI_int06
0000ffee   __TI_int07
0000fff0   __TI_int08
0000fff2   __TI_int09
0000fff4   __TI_int10
0000fff6   __TI_int11
0000fff8   __TI_int12
0000fffa   __TI_int13
0000fffc   __TI_int14
0000fffe   _reset_vector
ffffffff   __binit__
ffffffff   __c_args__
ffffffff   binit
UNDEFED    __TI_INITARRAY_Base
UNDEFED    __TI_INITARRAY_Limit

[203 symbols]
